// Jest Snapshot v1, https://goo.gl/fbAQLP

exports[`DisruptionCalendar renders correctly 1`] = `
<div>
  <div
    class="fc fc-media-screen fc-direction-ltr fc-theme-standard fc-liquid-hack"
  >
    <div
      class="fc-header-toolbar fc-toolbar "
    >
      <div
        class="fc-toolbar-chunk"
      >
        <h2
          class="fc-toolbar-title"
          id="fc-dom-1"
        >
          November 2019
        </h2>
      </div>
      <div
        class="fc-toolbar-chunk"
      />
      <div
        class="fc-toolbar-chunk"
      >
        <button
          aria-pressed="false"
          class="fc-today-button fc-button fc-button-primary"
          title="This month"
          type="button"
        >
          today
        </button>
        <div
          class="fc-button-group"
        >
          <button
            aria-pressed="false"
            class="fc-prev-button fc-button fc-button-primary"
            title="Previous month"
            type="button"
          >
            <span
              class="fc-icon fc-icon-chevron-left"
              role="img"
            />
          </button>
          <button
            aria-pressed="false"
            class="fc-next-button fc-button fc-button-primary"
            title="Next month"
            type="button"
          >
            <span
              class="fc-icon fc-icon-chevron-right"
              role="img"
            />
          </button>
        </div>
      </div>
    </div>
    <div
      aria-labelledby="fc-dom-1"
      class="fc-view-harness fc-view-harness-active"
      style="padding-bottom: 74.07407407407408%; height: 0px;"
    >
      <div
        class="fc-dayGridMonth-view fc-view fc-daygrid"
      >
        <table
          class="fc-scrollgrid  fc-scrollgrid-liquid"
          role="grid"
        >
          <tbody
            role="rowgroup"
          >
            <tr
              class="fc-scrollgrid-section fc-scrollgrid-section-header "
              role="presentation"
            >
              <th
                role="presentation"
              >
                <div
                  class="fc-scroller-harness"
                >
                  <div
                    class="fc-scroller"
                    style="overflow-x: hidden; overflow-y: hidden;"
                  >
                    <table
                      class="fc-col-header "
                      role="presentation"
                      style="width: 0px;"
                    >
                      <colgroup />
                      <thead
                        role="presentation"
                      >
                        <tr
                          role="row"
                        >
                          <th
                            class="fc-col-header-cell fc-day fc-day-sun"
                            role="columnheader"
                          >
                            <div
                              class="fc-scrollgrid-sync-inner"
                            >
                              <a
                                aria-label="Sunday"
                                class="fc-col-header-cell-cushion"
                              >
                                Sun
                              </a>
                            </div>
                          </th>
                          <th
                            class="fc-col-header-cell fc-day fc-day-mon"
                            role="columnheader"
                          >
                            <div
                              class="fc-scrollgrid-sync-inner"
                            >
                              <a
                                aria-label="Monday"
                                class="fc-col-header-cell-cushion"
                              >
                                Mon
                              </a>
                            </div>
                          </th>
                          <th
                            class="fc-col-header-cell fc-day fc-day-tue"
                            role="columnheader"
                          >
                            <div
                              class="fc-scrollgrid-sync-inner"
                            >
                              <a
                                aria-label="Tuesday"
                                class="fc-col-header-cell-cushion"
                              >
                                Tue
                              </a>
                            </div>
                          </th>
                          <th
                            class="fc-col-header-cell fc-day fc-day-wed"
                            role="columnheader"
                          >
                            <div
                              class="fc-scrollgrid-sync-inner"
                            >
                              <a
                                aria-label="Wednesday"
                                class="fc-col-header-cell-cushion"
                              >
                                Wed
                              </a>
                            </div>
                          </th>
                          <th
                            class="fc-col-header-cell fc-day fc-day-thu"
                            role="columnheader"
                          >
                            <div
                              class="fc-scrollgrid-sync-inner"
                            >
                              <a
                                aria-label="Thursday"
                                class="fc-col-header-cell-cushion"
                              >
                                Thu
                              </a>
                            </div>
                          </th>
                          <th
                            class="fc-col-header-cell fc-day fc-day-fri"
                            role="columnheader"
                          >
                            <div
                              class="fc-scrollgrid-sync-inner"
                            >
                              <a
                                aria-label="Friday"
                                class="fc-col-header-cell-cushion"
                              >
                                Fri
                              </a>
                            </div>
                          </th>
                          <th
                            class="fc-col-header-cell fc-day fc-day-sat"
                            role="columnheader"
                          >
                            <div
                              class="fc-scrollgrid-sync-inner"
                            >
                              <a
                                aria-label="Saturday"
                                class="fc-col-header-cell-cushion"
                              >
                                Sat
                              </a>
                            </div>
                          </th>
                        </tr>
                      </thead>
                    </table>
                  </div>
                </div>
              </th>
            </tr>
            <tr
              class="fc-scrollgrid-section fc-scrollgrid-section-body  fc-scrollgrid-section-liquid"
              role="presentation"
            >
              <td
                role="presentation"
              >
                <div
                  class="fc-scroller-harness fc-scroller-harness-liquid"
                >
                  <div
                    class="fc-scroller fc-scroller-liquid-absolute"
                    style="overflow-x: hidden; overflow-y: auto;"
                  >
                    <div
                      class="fc-daygrid-body fc-daygrid-body-unbalanced "
                      style="width: 0px;"
                    >
                      <table
                        class="fc-scrollgrid-sync-table"
                        role="presentation"
                        style="width: 0px; height: 0px;"
                      >
                        <colgroup />
                        <tbody
                          role="presentation"
                        >
                          <tr
                            role="row"
                          >
                            <td
                              aria-labelledby="fc-dom-2"
                              class="fc-day fc-day-sun fc-day-past fc-day-other fc-daygrid-day"
                              data-date="2019-10-27"
                              role="gridcell"
                            >
                              <div
                                class="fc-daygrid-day-frame fc-scrollgrid-sync-inner"
                              >
                                <div
                                  class="fc-daygrid-day-top"
                                >
                                  <a
                                    aria-label="October 27, 2019"
                                    class="fc-daygrid-day-number"
                                    id="fc-dom-2"
                                  >
                                    27
                                  </a>
                                </div>
                                <div
                                  class="fc-daygrid-day-events"
                                >
                                  <div
                                    class="fc-daygrid-day-bottom"
                                    style="margin-top: 0px;"
                                  />
                                </div>
                                <div
                                  class="fc-daygrid-day-bg"
                                />
                              </div>
                            </td>
                            <td
                              aria-labelledby="fc-dom-4"
                              class="fc-day fc-day-mon fc-day-past fc-day-other fc-daygrid-day"
                              data-date="2019-10-28"
                              role="gridcell"
                            >
                              <div
                                class="fc-daygrid-day-frame fc-scrollgrid-sync-inner"
                              >
                                <div
                                  class="fc-daygrid-day-top"
                                >
                                  <a
                                    aria-label="October 28, 2019"
                                    class="fc-daygrid-day-number"
                                    id="fc-dom-4"
                                  >
                                    28
                                  </a>
                                </div>
                                <div
                                  class="fc-daygrid-day-events"
                                >
                                  <div
                                    class="fc-daygrid-day-bottom"
                                    style="margin-top: 0px;"
                                  />
                                </div>
                                <div
                                  class="fc-daygrid-day-bg"
                                />
                              </div>
                            </td>
                            <td
                              aria-labelledby="fc-dom-6"
                              class="fc-day fc-day-tue fc-day-past fc-day-other fc-daygrid-day"
                              data-date="2019-10-29"
                              role="gridcell"
                            >
                              <div
                                class="fc-daygrid-day-frame fc-scrollgrid-sync-inner"
                              >
                                <div
                                  class="fc-daygrid-day-top"
                                >
                                  <a
                                    aria-label="October 29, 2019"
                                    class="fc-daygrid-day-number"
                                    id="fc-dom-6"
                                  >
                                    29
                                  </a>
                                </div>
                                <div
                                  class="fc-daygrid-day-events"
                                >
                                  <div
                                    class="fc-daygrid-day-bottom"
                                    style="margin-top: 0px;"
                                  />
                                </div>
                                <div
                                  class="fc-daygrid-day-bg"
                                />
                              </div>
                            </td>
                            <td
                              aria-labelledby="fc-dom-8"
                              class="fc-day fc-day-wed fc-day-past fc-day-other fc-daygrid-day"
                              data-date="2019-10-30"
                              role="gridcell"
                            >
                              <div
                                class="fc-daygrid-day-frame fc-scrollgrid-sync-inner"
                              >
                                <div
                                  class="fc-daygrid-day-top"
                                >
                                  <a
                                    aria-label="October 30, 2019"
                                    class="fc-daygrid-day-number"
                                    id="fc-dom-8"
                                  >
                                    30
                                  </a>
                                </div>
                                <div
                                  class="fc-daygrid-day-events"
                                >
                                  <div
                                    class="fc-daygrid-day-bottom"
                                    style="margin-top: 0px;"
                                  />
                                </div>
                                <div
                                  class="fc-daygrid-day-bg"
                                />
                              </div>
                            </td>
                            <td
                              aria-labelledby="fc-dom-10"
                              class="fc-day fc-day-thu fc-day-past fc-day-other fc-daygrid-day"
                              data-date="2019-10-31"
                              role="gridcell"
                            >
                              <div
                                class="fc-daygrid-day-frame fc-scrollgrid-sync-inner"
                              >
                                <div
                                  class="fc-daygrid-day-top"
                                >
                                  <a
                                    aria-label="October 31, 2019"
                                    class="fc-daygrid-day-number"
                                    id="fc-dom-10"
                                  >
                                    31
                                  </a>
                                </div>
                                <div
                                  class="fc-daygrid-day-events"
                                >
                                  <div
                                    class="fc-daygrid-day-bottom"
                                    style="margin-top: 0px;"
                                  />
                                </div>
                                <div
                                  class="fc-daygrid-day-bg"
                                />
                              </div>
                            </td>
                            <td
                              aria-labelledby="fc-dom-12"
                              class="fc-day fc-day-fri fc-day-past fc-daygrid-day"
                              data-date="2019-11-01"
                              role="gridcell"
                            >
                              <div
                                class="fc-daygrid-day-frame fc-scrollgrid-sync-inner"
                              >
                                <div
                                  class="fc-daygrid-day-top"
                                >
                                  <a
                                    aria-label="November 1, 2019"
                                    class="fc-daygrid-day-number"
                                    id="fc-dom-12"
                                  >
                                    1
                                  </a>
                                </div>
                                <div
                                  class="fc-daygrid-day-events"
                                >
                                  <div
                                    class="fc-daygrid-day-bottom"
                                    style="margin-top: 0px;"
                                  />
                                </div>
                                <div
                                  class="fc-daygrid-day-bg"
                                />
                              </div>
                            </td>
                            <td
                              aria-labelledby="fc-dom-14"
                              class="fc-day fc-day-sat fc-day-past fc-daygrid-day"
                              data-date="2019-11-02"
                              role="gridcell"
                            >
                              <div
                                class="fc-daygrid-day-frame fc-scrollgrid-sync-inner"
                              >
                                <div
                                  class="fc-daygrid-day-top"
                                >
                                  <a
                                    aria-label="November 2, 2019"
                                    class="fc-daygrid-day-number"
                                    id="fc-dom-14"
                                  >
                                    2
                                  </a>
                                </div>
                                <div
                                  class="fc-daygrid-day-events"
                                >
                                  <div
                                    class="fc-daygrid-event-harness"
                                    style="margin-top: 0px;"
                                  >
                                    <a
                                      class="fc-event fc-event-start fc-event-past kind-red-line fc-daygrid-event fc-daygrid-block-event fc-h-event"
                                      href="/disruptions/1"
                                    >
                                      <div
                                        class="fc-event-main"
                                      >
                                        <div
                                          class="fc-event-main-frame"
                                        >
                                          
                                          <div
                                            class="fc-event-title-container"
                                          >
                                            <div
                                              class="fc-event-title fc-sticky"
                                            >
                                              Alewife Harvard
                                            </div>
                                          </div>
                                        </div>
                                      </div>
                                    </a>
                                  </div>
                                  <div
                                    class="fc-daygrid-day-bottom"
                                    style="margin-top: 0px;"
                                  />
                                </div>
                                <div
                                  class="fc-daygrid-day-bg"
                                />
                              </div>
                            </td>
                          </tr>
                          <tr
                            role="row"
                          >
                            <td
                              aria-labelledby="fc-dom-16"
                              class="fc-day fc-day-sun fc-day-past fc-daygrid-day"
                              data-date="2019-11-03"
                              role="gridcell"
                            >
                              <div
                                class="fc-daygrid-day-frame fc-scrollgrid-sync-inner"
                              >
                                <div
                                  class="fc-daygrid-day-top"
                                >
                                  <a
                                    aria-label="November 3, 2019"
                                    class="fc-daygrid-day-number"
                                    id="fc-dom-16"
                                  >
                                    3
                                  </a>
                                </div>
                                <div
                                  class="fc-daygrid-day-events"
                                >
                                  <div
                                    class="fc-daygrid-event-harness"
                                    style="margin-top: 0px;"
                                  >
                                    <a
                                      class="fc-event fc-event-end fc-event-past kind-red-line fc-daygrid-event fc-daygrid-block-event fc-h-event"
                                      href="/disruptions/1"
                                    >
                                      <div
                                        class="fc-event-main"
                                      >
                                        <div
                                          class="fc-event-main-frame"
                                        >
                                          
                                          <div
                                            class="fc-event-title-container"
                                          >
                                            <div
                                              class="fc-event-title fc-sticky"
                                            >
                                              Alewife Harvard
                                            </div>
                                          </div>
                                        </div>
                                      </div>
                                    </a>
                                  </div>
                                  <div
                                    class="fc-daygrid-day-bottom"
                                    style="margin-top: 0px;"
                                  />
                                </div>
                                <div
                                  class="fc-daygrid-day-bg"
                                />
                              </div>
                            </td>
                            <td
                              aria-labelledby="fc-dom-18"
                              class="fc-day fc-day-mon fc-day-past fc-daygrid-day"
                              data-date="2019-11-04"
                              role="gridcell"
                            >
                              <div
                                class="fc-daygrid-day-frame fc-scrollgrid-sync-inner"
                              >
                                <div
                                  class="fc-daygrid-day-top"
                                >
                                  <a
                                    aria-label="November 4, 2019"
                                    class="fc-daygrid-day-number"
                                    id="fc-dom-18"
                                  >
                                    4
                                  </a>
                                </div>
                                <div
                                  class="fc-daygrid-day-events"
                                >
                                  <div
                                    class="fc-daygrid-day-bottom"
                                    style="margin-top: 0px;"
                                  />
                                </div>
                                <div
                                  class="fc-daygrid-day-bg"
                                />
                              </div>
                            </td>
                            <td
                              aria-labelledby="fc-dom-20"
                              class="fc-day fc-day-tue fc-day-past fc-daygrid-day"
                              data-date="2019-11-05"
                              role="gridcell"
                            >
                              <div
                                class="fc-daygrid-day-frame fc-scrollgrid-sync-inner"
                              >
                                <div
                                  class="fc-daygrid-day-top"
                                >
                                  <a
                                    aria-label="November 5, 2019"
                                    class="fc-daygrid-day-number"
                                    id="fc-dom-20"
                                  >
                                    5
                                  </a>
                                </div>
                                <div
                                  class="fc-daygrid-day-events"
                                >
                                  <div
                                    class="fc-daygrid-day-bottom"
                                    style="margin-top: 0px;"
                                  />
                                </div>
                                <div
                                  class="fc-daygrid-day-bg"
                                />
                              </div>
                            </td>
                            <td
                              aria-labelledby="fc-dom-22"
                              class="fc-day fc-day-wed fc-day-past fc-daygrid-day"
                              data-date="2019-11-06"
                              role="gridcell"
                            >
                              <div
                                class="fc-daygrid-day-frame fc-scrollgrid-sync-inner"
                              >
                                <div
                                  class="fc-daygrid-day-top"
                                >
                                  <a
                                    aria-label="November 6, 2019"
                                    class="fc-daygrid-day-number"
                                    id="fc-dom-22"
                                  >
                                    6
                                  </a>
                                </div>
                                <div
                                  class="fc-daygrid-day-events"
                                >
                                  <div
                                    class="fc-daygrid-day-bottom"
                                    style="margin-top: 0px;"
                                  />
                                </div>
                                <div
                                  class="fc-daygrid-day-bg"
                                />
                              </div>
                            </td>
                            <td
                              aria-labelledby="fc-dom-24"
                              class="fc-day fc-day-thu fc-day-past fc-daygrid-day"
                              data-date="2019-11-07"
                              role="gridcell"
                            >
                              <div
                                class="fc-daygrid-day-frame fc-scrollgrid-sync-inner"
                              >
                                <div
                                  class="fc-daygrid-day-top"
                                >
                                  <a
                                    aria-label="November 7, 2019"
                                    class="fc-daygrid-day-number"
                                    id="fc-dom-24"
                                  >
                                    7
                                  </a>
                                </div>
                                <div
                                  class="fc-daygrid-day-events"
                                >
                                  <div
                                    class="fc-daygrid-day-bottom"
                                    style="margin-top: 0px;"
                                  />
                                </div>
                                <div
                                  class="fc-daygrid-day-bg"
                                />
                              </div>
                            </td>
                            <td
                              aria-labelledby="fc-dom-26"
                              class="fc-day fc-day-fri fc-day-past fc-daygrid-day"
                              data-date="2019-11-08"
                              role="gridcell"
                            >
                              <div
                                class="fc-daygrid-day-frame fc-scrollgrid-sync-inner"
                              >
                                <div
                                  class="fc-daygrid-day-top"
                                >
                                  <a
                                    aria-label="November 8, 2019"
                                    class="fc-daygrid-day-number"
                                    id="fc-dom-26"
                                  >
                                    8
                                  </a>
                                </div>
                                <div
                                  class="fc-daygrid-day-events"
                                >
                                  <div
                                    class="fc-daygrid-event-harness fc-daygrid-event-harness-abs"
                                    style="top: 0px; left: 0px; right: 0px;"
                                  >
                                    <a
                                      class="fc-event fc-event-start fc-event-past kind-red-line fc-daygrid-event fc-daygrid-block-event fc-h-event"
                                      href="/disruptions/1"
                                    >
                                      <div
                                        class="fc-event-main"
                                      >
                                        <div
                                          class="fc-event-main-frame"
                                        >
                                          
                                          <div
                                            class="fc-event-title-container"
                                          >
                                            <div
                                              class="fc-event-title fc-sticky"
                                            >
                                              Alewife Harvard
                                            </div>
                                          </div>
                                        </div>
                                      </div>
                                    </a>
                                  </div>
                                  <div
                                    class="fc-daygrid-day-bottom"
                                    style="margin-top: 1px;"
                                  />
                                </div>
                                <div
                                  class="fc-daygrid-day-bg"
                                />
                              </div>
                            </td>
                            <td
                              aria-labelledby="fc-dom-28"
                              class="fc-day fc-day-sat fc-day-past fc-daygrid-day"
                              data-date="2019-11-09"
                              role="gridcell"
                            >
                              <div
                                class="fc-daygrid-day-frame fc-scrollgrid-sync-inner"
                              >
                                <div
                                  class="fc-daygrid-day-top"
                                >
                                  <a
                                    aria-label="November 9, 2019"
                                    class="fc-daygrid-day-number"
                                    id="fc-dom-28"
                                  >
                                    9
                                  </a>
                                </div>
                                <div
                                  class="fc-daygrid-day-events"
                                >
                                  <div
                                    class="fc-daygrid-day-bottom"
                                    style="margin-top: 1px;"
                                  />
                                </div>
                                <div
                                  class="fc-daygrid-day-bg"
                                />
                              </div>
                            </td>
                          </tr>
                          <tr
                            role="row"
                          >
                            <td
                              aria-labelledby="fc-dom-30"
                              class="fc-day fc-day-sun fc-day-past fc-daygrid-day"
                              data-date="2019-11-10"
                              role="gridcell"
                            >
                              <div
                                class="fc-daygrid-day-frame fc-scrollgrid-sync-inner"
                              >
                                <div
                                  class="fc-daygrid-day-top"
                                >
                                  <a
                                    aria-label="November 10, 2019"
                                    class="fc-daygrid-day-number"
                                    id="fc-dom-30"
                                  >
                                    10
                                  </a>
                                </div>
                                <div
                                  class="fc-daygrid-day-events"
                                >
                                  <div
                                    class="fc-daygrid-event-harness"
                                    style="margin-top: 0px;"
                                  >
                                    <a
                                      class="fc-event fc-event-end fc-event-past kind-red-line fc-daygrid-event fc-daygrid-block-event fc-h-event"
                                      href="/disruptions/1"
                                    >
                                      <div
                                        class="fc-event-main"
                                      >
                                        <div
                                          class="fc-event-main-frame"
                                        >
                                          
                                          <div
                                            class="fc-event-title-container"
                                          >
                                            <div
                                              class="fc-event-title fc-sticky"
                                            >
                                              Alewife Harvard
                                            </div>
                                          </div>
                                        </div>
                                      </div>
                                    </a>
                                  </div>
                                  <div
                                    class="fc-daygrid-day-bottom"
                                    style="margin-top: 0px;"
                                  />
                                </div>
                                <div
                                  class="fc-daygrid-day-bg"
                                />
                              </div>
                            </td>
                            <td
                              aria-labelledby="fc-dom-32"
                              class="fc-day fc-day-mon fc-day-past fc-daygrid-day"
                              data-date="2019-11-11"
                              role="gridcell"
                            >
                              <div
                                class="fc-daygrid-day-frame fc-scrollgrid-sync-inner"
                              >
                                <div
                                  class="fc-daygrid-day-top"
                                >
                                  <a
                                    aria-label="November 11, 2019"
                                    class="fc-daygrid-day-number"
                                    id="fc-dom-32"
                                  >
                                    11
                                  </a>
                                </div>
                                <div
                                  class="fc-daygrid-day-events"
                                >
                                  <div
                                    class="fc-daygrid-day-bottom"
                                    style="margin-top: 0px;"
                                  />
                                </div>
                                <div
                                  class="fc-daygrid-day-bg"
                                />
                              </div>
                            </td>
                            <td
                              aria-labelledby="fc-dom-34"
                              class="fc-day fc-day-tue fc-day-past fc-daygrid-day"
                              data-date="2019-11-12"
                              role="gridcell"
                            >
                              <div
                                class="fc-daygrid-day-frame fc-scrollgrid-sync-inner"
                              >
                                <div
                                  class="fc-daygrid-day-top"
                                >
                                  <a
                                    aria-label="November 12, 2019"
                                    class="fc-daygrid-day-number"
                                    id="fc-dom-34"
                                  >
                                    12
                                  </a>
                                </div>
                                <div
                                  class="fc-daygrid-day-events"
                                >
                                  <div
                                    class="fc-daygrid-day-bottom"
                                    style="margin-top: 0px;"
                                  />
                                </div>
                                <div
                                  class="fc-daygrid-day-bg"
                                />
                              </div>
                            </td>
                            <td
                              aria-labelledby="fc-dom-36"
                              class="fc-day fc-day-wed fc-day-past fc-daygrid-day"
                              data-date="2019-11-13"
                              role="gridcell"
                            >
                              <div
                                class="fc-daygrid-day-frame fc-scrollgrid-sync-inner"
                              >
                                <div
                                  class="fc-daygrid-day-top"
                                >
                                  <a
                                    aria-label="November 13, 2019"
                                    class="fc-daygrid-day-number"
                                    id="fc-dom-36"
                                  >
                                    13
                                  </a>
                                </div>
                                <div
                                  class="fc-daygrid-day-events"
                                >
                                  <div
                                    class="fc-daygrid-day-bottom"
                                    style="margin-top: 0px;"
                                  />
                                </div>
                                <div
                                  class="fc-daygrid-day-bg"
                                />
                              </div>
                            </td>
                            <td
                              aria-labelledby="fc-dom-38"
                              class="fc-day fc-day-thu fc-day-past fc-daygrid-day"
                              data-date="2019-11-14"
                              role="gridcell"
                            >
                              <div
                                class="fc-daygrid-day-frame fc-scrollgrid-sync-inner"
                              >
                                <div
                                  class="fc-daygrid-day-top"
                                >
                                  <a
                                    aria-label="November 14, 2019"
                                    class="fc-daygrid-day-number"
                                    id="fc-dom-38"
                                  >
                                    14
                                  </a>
                                </div>
                                <div
                                  class="fc-daygrid-day-events"
                                >
                                  <div
                                    class="fc-daygrid-day-bottom"
                                    style="margin-top: 0px;"
                                  />
                                </div>
                                <div
                                  class="fc-daygrid-day-bg"
                                />
                              </div>
                            </td>
                            <td
                              aria-labelledby="fc-dom-40"
                              class="fc-day fc-day-fri fc-day-past fc-daygrid-day"
                              data-date="2019-11-15"
                              role="gridcell"
                            >
                              <div
                                class="fc-daygrid-day-frame fc-scrollgrid-sync-inner"
                              >
                                <div
                                  class="fc-daygrid-day-top"
                                >
                                  <a
                                    aria-label="November 15, 2019"
                                    class="fc-daygrid-day-number"
                                    id="fc-dom-40"
                                  >
                                    15
                                  </a>
                                </div>
                                <div
                                  class="fc-daygrid-day-events"
                                >
                                  <div
                                    class="fc-daygrid-event-harness"
                                    style="margin-top: 0px;"
                                  >
                                    <a
                                      class="fc-event fc-event-start fc-event-end fc-event-past kind-red-line fc-daygrid-event fc-daygrid-block-event fc-h-event"
                                      href="/disruptions/1"
                                    >
                                      <div
                                        class="fc-event-main"
                                      >
                                        <div
                                          class="fc-event-main-frame"
                                        >
                                          
                                          <div
                                            class="fc-event-title-container"
                                          >
                                            <div
                                              class="fc-event-title fc-sticky"
                                            >
                                              Alewife Harvard
                                            </div>
                                          </div>
                                        </div>
                                      </div>
                                    </a>
                                  </div>
                                  <div
                                    class="fc-daygrid-event-harness fc-daygrid-event-harness-abs"
                                    style="top: 1px; left: 0px; right: 0px;"
                                  >
                                    <a
                                      class="fc-event fc-event-start fc-event-past kind-green-line-d fc-daygrid-event fc-daygrid-block-event fc-h-event"
                                      href="/disruptions/3"
                                    >
                                      <div
                                        class="fc-event-main"
                                      >
                                        <div
                                          class="fc-event-main-frame"
                                        >
                                          
                                          <div
                                            class="fc-event-title-container"
                                          >
                                            <div
                                              class="fc-event-title fc-sticky"
                                            >
                                              Kenmore Newton Highlands
                                            </div>
                                          </div>
                                        </div>
                                      </div>
                                    </a>
                                  </div>
                                  <div
                                    class="fc-daygrid-event-harness"
                                    style="margin-top: 1px;"
                                  >
                                    <a
                                      class="fc-event fc-event-start fc-event-end fc-event-past kind-blue-line fc-daygrid-event fc-daygrid-block-event fc-h-event"
                                      href="/disruptions/5"
                                    >
                                      <div
                                        class="fc-event-main"
                                      >
                                        <div
                                          class="fc-event-main-frame"
                                        >
                                          
                                          <div
                                            class="fc-event-title-container"
                                          >
                                            <div
                                              class="fc-event-title fc-sticky"
                                            >
                                              Airport Wonderland
                                            </div>
                                          </div>
                                        </div>
                                      </div>
                                    </a>
                                  </div>
                                  <div
                                    class="fc-daygrid-day-bottom"
                                    style="margin-top: 0px;"
                                  />
                                </div>
                                <div
                                  class="fc-daygrid-day-bg"
                                />
                              </div>
                            </td>
                            <td
                              aria-labelledby="fc-dom-42"
                              class="fc-day fc-day-sat fc-day-past fc-daygrid-day"
                              data-date="2019-11-16"
                              role="gridcell"
                            >
                              <div
                                class="fc-daygrid-day-frame fc-scrollgrid-sync-inner"
                              >
                                <div
                                  class="fc-daygrid-day-top"
                                >
                                  <a
                                    aria-label="November 16, 2019"
                                    class="fc-daygrid-day-number"
                                    id="fc-dom-42"
                                  >
                                    16
                                  </a>
                                </div>
                                <div
                                  class="fc-daygrid-day-events"
                                >
                                  <div
                                    class="fc-daygrid-day-bottom"
                                    style="margin-top: 2px;"
                                  />
                                </div>
                                <div
                                  class="fc-daygrid-day-bg"
                                />
                              </div>
                            </td>
                          </tr>
                          <tr
                            role="row"
                          >
                            <td
                              aria-labelledby="fc-dom-44"
                              class="fc-day fc-day-sun fc-day-past fc-daygrid-day"
                              data-date="2019-11-17"
                              role="gridcell"
                            >
                              <div
                                class="fc-daygrid-day-frame fc-scrollgrid-sync-inner"
                              >
                                <div
                                  class="fc-daygrid-day-top"
                                >
                                  <a
                                    aria-label="November 17, 2019"
                                    class="fc-daygrid-day-number"
                                    id="fc-dom-44"
                                  >
                                    17
                                  </a>
                                </div>
                                <div
                                  class="fc-daygrid-day-events"
                                >
                                  <div
                                    class="fc-daygrid-event-harness"
                                    style="margin-top: 0px;"
                                  >
                                    <a
                                      class="fc-event fc-event-end fc-event-past kind-green-line-d fc-daygrid-event fc-daygrid-block-event fc-h-event"
                                      href="/disruptions/3"
                                    >
                                      <div
                                        class="fc-event-main"
                                      >
                                        <div
                                          class="fc-event-main-frame"
                                        >
                                          
                                          <div
                                            class="fc-event-title-container"
                                          >
                                            <div
                                              class="fc-event-title fc-sticky"
                                            >
                                              Kenmore Newton Highlands
                                            </div>
                                          </div>
                                        </div>
                                      </div>
                                    </a>
                                  </div>
                                  <div
                                    class="fc-daygrid-day-bottom"
                                    style="margin-top: 0px;"
                                  />
                                </div>
                                <div
                                  class="fc-daygrid-day-bg"
                                />
                              </div>
                            </td>
                            <td
                              aria-labelledby="fc-dom-46"
                              class="fc-day fc-day-mon fc-day-past fc-daygrid-day"
                              data-date="2019-11-18"
                              role="gridcell"
                            >
                              <div
                                class="fc-daygrid-day-frame fc-scrollgrid-sync-inner"
                              >
                                <div
                                  class="fc-daygrid-day-top"
                                >
                                  <a
                                    aria-label="November 18, 2019"
                                    class="fc-daygrid-day-number"
                                    id="fc-dom-46"
                                  >
                                    18
                                  </a>
                                </div>
                                <div
                                  class="fc-daygrid-day-events"
                                >
                                  <div
                                    class="fc-daygrid-day-bottom"
                                    style="margin-top: 0px;"
                                  />
                                </div>
                                <div
                                  class="fc-daygrid-day-bg"
                                />
                              </div>
                            </td>
                            <td
                              aria-labelledby="fc-dom-48"
                              class="fc-day fc-day-tue fc-day-past fc-daygrid-day"
                              data-date="2019-11-19"
                              role="gridcell"
                            >
                              <div
                                class="fc-daygrid-day-frame fc-scrollgrid-sync-inner"
                              >
                                <div
                                  class="fc-daygrid-day-top"
                                >
                                  <a
                                    aria-label="November 19, 2019"
                                    class="fc-daygrid-day-number"
                                    id="fc-dom-48"
                                  >
                                    19
                                  </a>
                                </div>
                                <div
                                  class="fc-daygrid-day-events"
                                >
                                  <div
                                    class="fc-daygrid-day-bottom"
                                    style="margin-top: 0px;"
                                  />
                                </div>
                                <div
                                  class="fc-daygrid-day-bg"
                                />
                              </div>
                            </td>
                            <td
                              aria-labelledby="fc-dom-50"
                              class="fc-day fc-day-wed fc-day-past fc-daygrid-day"
                              data-date="2019-11-20"
                              role="gridcell"
                            >
                              <div
                                class="fc-daygrid-day-frame fc-scrollgrid-sync-inner"
                              >
                                <div
                                  class="fc-daygrid-day-top"
                                >
                                  <a
                                    aria-label="November 20, 2019"
                                    class="fc-daygrid-day-number"
                                    id="fc-dom-50"
                                  >
                                    20
                                  </a>
                                </div>
                                <div
                                  class="fc-daygrid-day-events"
                                >
                                  <div
                                    class="fc-daygrid-day-bottom"
                                    style="margin-top: 0px;"
                                  />
                                </div>
                                <div
                                  class="fc-daygrid-day-bg"
                                />
                              </div>
                            </td>
                            <td
                              aria-labelledby="fc-dom-52"
                              class="fc-day fc-day-thu fc-day-past fc-daygrid-day"
                              data-date="2019-11-21"
                              role="gridcell"
                            >
                              <div
                                class="fc-daygrid-day-frame fc-scrollgrid-sync-inner"
                              >
                                <div
                                  class="fc-daygrid-day-top"
                                >
                                  <a
                                    aria-label="November 21, 2019"
                                    class="fc-daygrid-day-number"
                                    id="fc-dom-52"
                                  >
                                    21
                                  </a>
                                </div>
                                <div
                                  class="fc-daygrid-day-events"
                                >
                                  <div
                                    class="fc-daygrid-day-bottom"
                                    style="margin-top: 0px;"
                                  />
                                </div>
                                <div
                                  class="fc-daygrid-day-bg"
                                />
                              </div>
                            </td>
                            <td
                              aria-labelledby="fc-dom-54"
                              class="fc-day fc-day-fri fc-day-past fc-daygrid-day"
                              data-date="2019-11-22"
                              role="gridcell"
                            >
                              <div
                                class="fc-daygrid-day-frame fc-scrollgrid-sync-inner"
                              >
                                <div
                                  class="fc-daygrid-day-top"
                                >
                                  <a
                                    aria-label="November 22, 2019"
                                    class="fc-daygrid-day-number"
                                    id="fc-dom-54"
                                  >
                                    22
                                  </a>
                                </div>
                                <div
                                  class="fc-daygrid-day-events"
                                >
                                  <div
                                    class="fc-daygrid-event-harness fc-daygrid-event-harness-abs"
                                    style="top: 0px; left: 0px; right: 0px;"
                                  >
                                    <a
                                      class="fc-event fc-event-start fc-event-past kind-green-line-d fc-daygrid-event fc-daygrid-block-event fc-h-event"
                                      href="/disruptions/3"
                                    >
                                      <div
                                        class="fc-event-main"
                                      >
                                        <div
                                          class="fc-event-main-frame"
                                        >
                                          
                                          <div
                                            class="fc-event-title-container"
                                          >
                                            <div
                                              class="fc-event-title fc-sticky"
                                            >
                                              Kenmore Newton Highlands
                                            </div>
                                          </div>
                                        </div>
                                      </div>
                                    </a>
                                  </div>
                                  <div
                                    class="fc-daygrid-day-bottom"
                                    style="margin-top: 1px;"
                                  />
                                </div>
                                <div
                                  class="fc-daygrid-day-bg"
                                />
                              </div>
                            </td>
                            <td
                              aria-labelledby="fc-dom-56"
                              class="fc-day fc-day-sat fc-day-past fc-daygrid-day"
                              data-date="2019-11-23"
                              role="gridcell"
                            >
                              <div
                                class="fc-daygrid-day-frame fc-scrollgrid-sync-inner"
                              >
                                <div
                                  class="fc-daygrid-day-top"
                                >
                                  <a
                                    aria-label="November 23, 2019"
                                    class="fc-daygrid-day-number"
                                    id="fc-dom-56"
                                  >
                                    23
                                  </a>
                                </div>
                                <div
                                  class="fc-daygrid-day-events"
                                >
                                  <div
                                    class="fc-daygrid-day-bottom"
                                    style="margin-top: 1px;"
                                  />
                                </div>
                                <div
                                  class="fc-daygrid-day-bg"
                                />
                              </div>
                            </td>
                          </tr>
                          <tr
                            role="row"
                          >
                            <td
                              aria-labelledby="fc-dom-58"
                              class="fc-day fc-day-sun fc-day-past fc-daygrid-day"
                              data-date="2019-11-24"
                              role="gridcell"
                            >
                              <div
                                class="fc-daygrid-day-frame fc-scrollgrid-sync-inner"
                              >
                                <div
                                  class="fc-daygrid-day-top"
                                >
                                  <a
                                    aria-label="November 24, 2019"
                                    class="fc-daygrid-day-number"
                                    id="fc-dom-58"
                                  >
                                    24
                                  </a>
                                </div>
                                <div
                                  class="fc-daygrid-day-events"
                                >
                                  <div
                                    class="fc-daygrid-event-harness"
                                    style="margin-top: 0px;"
                                  >
                                    <a
                                      class="fc-event fc-event-end fc-event-past kind-green-line-d fc-daygrid-event fc-daygrid-block-event fc-h-event"
                                      href="/disruptions/3"
                                    >
                                      <div
                                        class="fc-event-main"
                                      >
                                        <div
                                          class="fc-event-main-frame"
                                        >
                                          
                                          <div
                                            class="fc-event-title-container"
                                          >
                                            <div
                                              class="fc-event-title fc-sticky"
                                            >
                                              Kenmore Newton Highlands
                                            </div>
                                          </div>
                                        </div>
                                      </div>
                                    </a>
                                  </div>
                                  <div
                                    class="fc-daygrid-day-bottom"
                                    style="margin-top: 0px;"
                                  />
                                </div>
                                <div
                                  class="fc-daygrid-day-bg"
                                />
                              </div>
                            </td>
                            <td
                              aria-labelledby="fc-dom-60"
                              class="fc-day fc-day-mon fc-day-past fc-daygrid-day"
                              data-date="2019-11-25"
                              role="gridcell"
                            >
                              <div
                                class="fc-daygrid-day-frame fc-scrollgrid-sync-inner"
                              >
                                <div
                                  class="fc-daygrid-day-top"
                                >
                                  <a
                                    aria-label="November 25, 2019"
                                    class="fc-daygrid-day-number"
                                    id="fc-dom-60"
                                  >
                                    25
                                  </a>
                                </div>
                                <div
                                  class="fc-daygrid-day-events"
                                >
                                  <div
                                    class="fc-daygrid-day-bottom"
                                    style="margin-top: 0px;"
                                  />
                                </div>
                                <div
                                  class="fc-daygrid-day-bg"
                                />
                              </div>
                            </td>
                            <td
                              aria-labelledby="fc-dom-62"
                              class="fc-day fc-day-tue fc-day-past fc-daygrid-day"
                              data-date="2019-11-26"
                              role="gridcell"
                            >
                              <div
                                class="fc-daygrid-day-frame fc-scrollgrid-sync-inner"
                              >
                                <div
                                  class="fc-daygrid-day-top"
                                >
                                  <a
                                    aria-label="November 26, 2019"
                                    class="fc-daygrid-day-number"
                                    id="fc-dom-62"
                                  >
                                    26
                                  </a>
                                </div>
                                <div
                                  class="fc-daygrid-day-events"
                                >
                                  <div
                                    class="fc-daygrid-day-bottom"
                                    style="margin-top: 0px;"
                                  />
                                </div>
                                <div
                                  class="fc-daygrid-day-bg"
                                />
                              </div>
                            </td>
                            <td
                              aria-labelledby="fc-dom-64"
                              class="fc-day fc-day-wed fc-day-past fc-daygrid-day"
                              data-date="2019-11-27"
                              role="gridcell"
                            >
                              <div
                                class="fc-daygrid-day-frame fc-scrollgrid-sync-inner"
                              >
                                <div
                                  class="fc-daygrid-day-top"
                                >
                                  <a
                                    aria-label="November 27, 2019"
                                    class="fc-daygrid-day-number"
                                    id="fc-dom-64"
                                  >
                                    27
                                  </a>
                                </div>
                                <div
                                  class="fc-daygrid-day-events"
                                >
                                  <div
                                    class="fc-daygrid-day-bottom"
                                    style="margin-top: 0px;"
                                  />
                                </div>
                                <div
                                  class="fc-daygrid-day-bg"
                                />
                              </div>
                            </td>
                            <td
                              aria-labelledby="fc-dom-66"
                              class="fc-day fc-day-thu fc-day-past fc-daygrid-day"
                              data-date="2019-11-28"
                              role="gridcell"
                            >
                              <div
                                class="fc-daygrid-day-frame fc-scrollgrid-sync-inner"
                              >
                                <div
                                  class="fc-daygrid-day-top"
                                >
                                  <a
                                    aria-label="November 28, 2019"
                                    class="fc-daygrid-day-number"
                                    id="fc-dom-66"
                                  >
                                    28
                                  </a>
                                </div>
                                <div
                                  class="fc-daygrid-day-events"
                                >
                                  <div
                                    class="fc-daygrid-day-bottom"
                                    style="margin-top: 0px;"
                                  />
                                </div>
                                <div
                                  class="fc-daygrid-day-bg"
                                />
                              </div>
                            </td>
                            <td
                              aria-labelledby="fc-dom-68"
                              class="fc-day fc-day-fri fc-day-past fc-daygrid-day"
                              data-date="2019-11-29"
                              role="gridcell"
                            >
                              <div
                                class="fc-daygrid-day-frame fc-scrollgrid-sync-inner"
                              >
                                <div
                                  class="fc-daygrid-day-top"
                                >
                                  <a
                                    aria-label="November 29, 2019"
                                    class="fc-daygrid-day-number"
                                    id="fc-dom-68"
                                  >
                                    29
                                  </a>
                                </div>
                                <div
                                  class="fc-daygrid-day-events"
                                >
                                  <div
                                    class="fc-daygrid-event-harness fc-daygrid-event-harness-abs"
                                    style="top: 0px; left: 0px; right: 0px;"
                                  >
                                    <a
                                      class="fc-event fc-event-start fc-event-end fc-event-past kind-green-line-d fc-daygrid-event fc-daygrid-block-event fc-h-event"
                                      href="/disruptions/3"
                                    >
                                      <div
                                        class="fc-event-main"
                                      >
                                        <div
                                          class="fc-event-main-frame"
                                        >
                                          
                                          <div
                                            class="fc-event-title-container"
                                          >
                                            <div
                                              class="fc-event-title fc-sticky"
                                            >
                                              Kenmore Newton Highlands
                                            </div>
                                          </div>
                                        </div>
                                      </div>
                                    </a>
                                  </div>
                                  <div
                                    class="fc-daygrid-day-bottom"
                                    style="margin-top: 1px;"
                                  />
                                </div>
                                <div
                                  class="fc-daygrid-day-bg"
                                />
                              </div>
                            </td>
                            <td
                              aria-labelledby="fc-dom-70"
                              class="fc-day fc-day-sat fc-day-past fc-daygrid-day"
                              data-date="2019-11-30"
                              role="gridcell"
                            >
                              <div
                                class="fc-daygrid-day-frame fc-scrollgrid-sync-inner"
                              >
                                <div
                                  class="fc-daygrid-day-top"
                                >
                                  <a
                                    aria-label="November 30, 2019"
                                    class="fc-daygrid-day-number"
                                    id="fc-dom-70"
                                  >
                                    30
                                  </a>
                                </div>
                                <div
                                  class="fc-daygrid-day-events"
                                >
                                  <div
                                    class="fc-daygrid-day-bottom"
                                    style="margin-top: 1px;"
                                  />
                                </div>
                                <div
                                  class="fc-daygrid-day-bg"
                                />
                              </div>
                            </td>
                          </tr>
                          <tr
                            role="row"
                          >
                            <td
                              aria-labelledby="fc-dom-72"
                              class="fc-day fc-day-sun fc-day-past fc-day-other fc-daygrid-day"
                              data-date="2019-12-01"
                              role="gridcell"
                            >
                              <div
                                class="fc-daygrid-day-frame fc-scrollgrid-sync-inner"
                              >
                                <div
                                  class="fc-daygrid-day-top"
                                >
                                  <a
                                    aria-label="December 1, 2019"
                                    class="fc-daygrid-day-number"
                                    id="fc-dom-72"
                                  >
                                    1
                                  </a>
                                </div>
                                <div
                                  class="fc-daygrid-day-events"
                                >
                                  <div
                                    class="fc-daygrid-day-bottom"
                                    style="margin-top: 0px;"
                                  />
                                </div>
                                <div
                                  class="fc-daygrid-day-bg"
                                />
                              </div>
                            </td>
                            <td
                              aria-labelledby="fc-dom-74"
                              class="fc-day fc-day-mon fc-day-past fc-day-other fc-daygrid-day"
                              data-date="2019-12-02"
                              role="gridcell"
                            >
                              <div
                                class="fc-daygrid-day-frame fc-scrollgrid-sync-inner"
                              >
                                <div
                                  class="fc-daygrid-day-top"
                                >
                                  <a
                                    aria-label="December 2, 2019"
                                    class="fc-daygrid-day-number"
                                    id="fc-dom-74"
                                  >
                                    2
                                  </a>
                                </div>
                                <div
                                  class="fc-daygrid-day-events"
                                >
                                  <div
                                    class="fc-daygrid-day-bottom"
                                    style="margin-top: 0px;"
                                  />
                                </div>
                                <div
                                  class="fc-daygrid-day-bg"
                                />
                              </div>
                            </td>
                            <td
                              aria-labelledby="fc-dom-76"
                              class="fc-day fc-day-tue fc-day-past fc-day-other fc-daygrid-day"
                              data-date="2019-12-03"
                              role="gridcell"
                            >
                              <div
                                class="fc-daygrid-day-frame fc-scrollgrid-sync-inner"
                              >
                                <div
                                  class="fc-daygrid-day-top"
                                >
                                  <a
                                    aria-label="December 3, 2019"
                                    class="fc-daygrid-day-number"
                                    id="fc-dom-76"
                                  >
                                    3
                                  </a>
                                </div>
                                <div
                                  class="fc-daygrid-day-events"
                                >
                                  <div
                                    class="fc-daygrid-day-bottom"
                                    style="margin-top: 0px;"
                                  />
                                </div>
                                <div
                                  class="fc-daygrid-day-bg"
                                />
                              </div>
                            </td>
                            <td
                              aria-labelledby="fc-dom-78"
                              class="fc-day fc-day-wed fc-day-past fc-day-other fc-daygrid-day"
                              data-date="2019-12-04"
                              role="gridcell"
                            >
                              <div
                                class="fc-daygrid-day-frame fc-scrollgrid-sync-inner"
                              >
                                <div
                                  class="fc-daygrid-day-top"
                                >
                                  <a
                                    aria-label="December 4, 2019"
                                    class="fc-daygrid-day-number"
                                    id="fc-dom-78"
                                  >
                                    4
                                  </a>
                                </div>
                                <div
                                  class="fc-daygrid-day-events"
                                >
                                  <div
                                    class="fc-daygrid-day-bottom"
                                    style="margin-top: 0px;"
                                  />
                                </div>
                                <div
                                  class="fc-daygrid-day-bg"
                                />
                              </div>
                            </td>
                            <td
                              aria-labelledby="fc-dom-80"
                              class="fc-day fc-day-thu fc-day-past fc-day-other fc-daygrid-day"
                              data-date="2019-12-05"
                              role="gridcell"
                            >
                              <div
                                class="fc-daygrid-day-frame fc-scrollgrid-sync-inner"
                              >
                                <div
                                  class="fc-daygrid-day-top"
                                >
                                  <a
                                    aria-label="December 5, 2019"
                                    class="fc-daygrid-day-number"
                                    id="fc-dom-80"
                                  >
                                    5
                                  </a>
                                </div>
                                <div
                                  class="fc-daygrid-day-events"
                                >
                                  <div
                                    class="fc-daygrid-day-bottom"
                                    style="margin-top: 0px;"
                                  />
                                </div>
                                <div
                                  class="fc-daygrid-day-bg"
                                />
                              </div>
                            </td>
                            <td
                              aria-labelledby="fc-dom-82"
                              class="fc-day fc-day-fri fc-day-past fc-day-other fc-daygrid-day"
                              data-date="2019-12-06"
                              role="gridcell"
                            >
                              <div
                                class="fc-daygrid-day-frame fc-scrollgrid-sync-inner"
                              >
                                <div
                                  class="fc-daygrid-day-top"
                                >
                                  <a
                                    aria-label="December 6, 2019"
                                    class="fc-daygrid-day-number"
                                    id="fc-dom-82"
                                  >
                                    6
                                  </a>
                                </div>
                                <div
                                  class="fc-daygrid-day-events"
                                >
                                  <div
                                    class="fc-daygrid-day-bottom"
                                    style="margin-top: 0px;"
                                  />
                                </div>
                                <div
                                  class="fc-daygrid-day-bg"
                                />
                              </div>
                            </td>
                            <td
                              aria-labelledby="fc-dom-84"
                              class="fc-day fc-day-sat fc-day-past fc-day-other fc-daygrid-day"
                              data-date="2019-12-07"
                              role="gridcell"
                            >
                              <div
                                class="fc-daygrid-day-frame fc-scrollgrid-sync-inner"
                              >
                                <div
                                  class="fc-daygrid-day-top"
                                >
                                  <a
                                    aria-label="December 7, 2019"
                                    class="fc-daygrid-day-number"
                                    id="fc-dom-84"
                                  >
                                    7
                                  </a>
                                </div>
                                <div
                                  class="fc-daygrid-day-events"
                                >
                                  <div
                                    class="fc-daygrid-day-bottom"
                                    style="margin-top: 0px;"
                                  />
                                </div>
                                <div
                                  class="fc-daygrid-day-bg"
                                />
                              </div>
                            </td>
                          </tr>
                        </tbody>
                      </table>
                    </div>
                  </div>
                </div>
              </td>
            </tr>
          </tbody>
        </table>
      </div>
    </div>
  </div>
</div>
`;
